------------------------------------------------------------
Timing Analyzer Summary
------------------------------------------------------------

Type  : Slow 1200mV 85C Model Setup 'inst1|altpll_component|auto_generated|pll1|clk[0]'
Slack : -10.238
TNS   : -135.565

Type  : Slow 1200mV 85C Model Setup 'SCOMP:inst|IO_CYCLE'
Slack : -7.094
TNS   : -389.281

Type  : Slow 1200mV 85C Model Setup 'I2C_INTERFACE:inst13|i2c_master:inst|data_clk'
Slack : -4.710
TNS   : -124.461

Type  : Slow 1200mV 85C Model Setup 'clk_div:inst5|clock_100kHz'
Slack : -4.669
TNS   : -163.643

Type  : Slow 1200mV 85C Model Setup 'clk_div:inst5|clock_10kHz'
Slack : -3.272
TNS   : -6.146

Type  : Slow 1200mV 85C Model Setup 'clk_div:inst5|clock_10Hz'
Slack : -1.648
TNS   : -17.083

Type  : Slow 1200mV 85C Model Hold 'SCOMP:inst|IO_CYCLE'
Slack : -1.780
TNS   : -3.970

Type  : Slow 1200mV 85C Model Hold 'I2C_INTERFACE:inst13|i2c_master:inst|data_clk'
Slack : -0.490
TNS   : -0.975

Type  : Slow 1200mV 85C Model Hold 'clk_div:inst5|clock_10kHz'
Slack : 0.329
TNS   : 0.000

Type  : Slow 1200mV 85C Model Hold 'clk_div:inst5|clock_100kHz'
Slack : 0.340
TNS   : 0.000

Type  : Slow 1200mV 85C Model Hold 'clk_div:inst5|clock_10Hz'
Slack : 0.362
TNS   : 0.000

Type  : Slow 1200mV 85C Model Hold 'inst1|altpll_component|auto_generated|pll1|clk[0]'
Slack : 0.411
TNS   : 0.000

Type  : Slow 1200mV 85C Model Recovery 'clk_div:inst5|clock_10Hz'
Slack : -4.559
TNS   : -72.944

Type  : Slow 1200mV 85C Model Recovery 'SCOMP:inst|IO_CYCLE'
Slack : 0.130
TNS   : 0.000

Type  : Slow 1200mV 85C Model Removal 'SCOMP:inst|IO_CYCLE'
Slack : 0.149
TNS   : 0.000

Type  : Slow 1200mV 85C Model Removal 'clk_div:inst5|clock_10Hz'
Slack : 3.511
TNS   : 0.000

Type  : Slow 1200mV 85C Model Minimum Pulse Width 'SCOMP:inst|IO_CYCLE'
Slack : -1.403
TNS   : -108.031

Type  : Slow 1200mV 85C Model Minimum Pulse Width 'I2C_INTERFACE:inst13|i2c_master:inst|data_clk'
Slack : -1.403
TNS   : -70.150

Type  : Slow 1200mV 85C Model Minimum Pulse Width 'clk_div:inst5|clock_100kHz'
Slack : -1.403
TNS   : -65.941

Type  : Slow 1200mV 85C Model Minimum Pulse Width 'clk_div:inst5|clock_10Hz'
Slack : -1.403
TNS   : -22.448

Type  : Slow 1200mV 85C Model Minimum Pulse Width 'clk_div:inst5|clock_10kHz'
Slack : -1.403
TNS   : -8.418

Type  : Slow 1200mV 85C Model Minimum Pulse Width 'clock_50'
Slack : 9.844
TNS   : 0.000

Type  : Slow 1200mV 85C Model Minimum Pulse Width 'inst1|altpll_component|auto_generated|pll1|clk[0]'
Slack : 49.672
TNS   : 0.000

Type  : Slow 1200mV 0C Model Setup 'inst1|altpll_component|auto_generated|pll1|clk[0]'
Slack : -9.171
TNS   : -118.778

Type  : Slow 1200mV 0C Model Setup 'SCOMP:inst|IO_CYCLE'
Slack : -6.534
TNS   : -362.714

Type  : Slow 1200mV 0C Model Setup 'clk_div:inst5|clock_100kHz'
Slack : -4.257
TNS   : -151.063

Type  : Slow 1200mV 0C Model Setup 'I2C_INTERFACE:inst13|i2c_master:inst|data_clk'
Slack : -4.216
TNS   : -111.980

Type  : Slow 1200mV 0C Model Setup 'clk_div:inst5|clock_10kHz'
Slack : -2.978
TNS   : -5.224

Type  : Slow 1200mV 0C Model Setup 'clk_div:inst5|clock_10Hz'
Slack : -1.381
TNS   : -13.986

Type  : Slow 1200mV 0C Model Hold 'SCOMP:inst|IO_CYCLE'
Slack : -1.472
TNS   : -2.843

Type  : Slow 1200mV 0C Model Hold 'I2C_INTERFACE:inst13|i2c_master:inst|data_clk'
Slack : -0.478
TNS   : -0.950

Type  : Slow 1200mV 0C Model Hold 'clk_div:inst5|clock_10kHz'
Slack : 0.295
TNS   : 0.000

Type  : Slow 1200mV 0C Model Hold 'clk_div:inst5|clock_100kHz'
Slack : 0.304
TNS   : 0.000

Type  : Slow 1200mV 0C Model Hold 'clk_div:inst5|clock_10Hz'
Slack : 0.328
TNS   : 0.000

Type  : Slow 1200mV 0C Model Hold 'inst1|altpll_component|auto_generated|pll1|clk[0]'
Slack : 0.342
TNS   : 0.000

Type  : Slow 1200mV 0C Model Recovery 'clk_div:inst5|clock_10Hz'
Slack : -4.515
TNS   : -72.240

Type  : Slow 1200mV 0C Model Recovery 'SCOMP:inst|IO_CYCLE'
Slack : 0.350
TNS   : 0.000

Type  : Slow 1200mV 0C Model Removal 'SCOMP:inst|IO_CYCLE'
Slack : 0.029
TNS   : 0.000

Type  : Slow 1200mV 0C Model Removal 'clk_div:inst5|clock_10Hz'
Slack : 3.343
TNS   : 0.000

Type  : Slow 1200mV 0C Model Minimum Pulse Width 'SCOMP:inst|IO_CYCLE'
Slack : -1.403
TNS   : -108.031

Type  : Slow 1200mV 0C Model Minimum Pulse Width 'I2C_INTERFACE:inst13|i2c_master:inst|data_clk'
Slack : -1.403
TNS   : -70.150

Type  : Slow 1200mV 0C Model Minimum Pulse Width 'clk_div:inst5|clock_100kHz'
Slack : -1.403
TNS   : -65.941

Type  : Slow 1200mV 0C Model Minimum Pulse Width 'clk_div:inst5|clock_10Hz'
Slack : -1.403
TNS   : -22.448

Type  : Slow 1200mV 0C Model Minimum Pulse Width 'clk_div:inst5|clock_10kHz'
Slack : -1.403
TNS   : -8.418

Type  : Slow 1200mV 0C Model Minimum Pulse Width 'clock_50'
Slack : 9.857
TNS   : 0.000

Type  : Slow 1200mV 0C Model Minimum Pulse Width 'inst1|altpll_component|auto_generated|pll1|clk[0]'
Slack : 49.688
TNS   : 0.000

Type  : Fast 1200mV 0C Model Setup 'inst1|altpll_component|auto_generated|pll1|clk[0]'
Slack : -4.258
TNS   : -57.599

Type  : Fast 1200mV 0C Model Setup 'SCOMP:inst|IO_CYCLE'
Slack : -2.809
TNS   : -155.387

Type  : Fast 1200mV 0C Model Setup 'I2C_INTERFACE:inst13|i2c_master:inst|data_clk'
Slack : -1.430
TNS   : -32.444

Type  : Fast 1200mV 0C Model Setup 'clk_div:inst5|clock_100kHz'
Slack : -1.371
TNS   : -41.952

Type  : Fast 1200mV 0C Model Setup 'clk_div:inst5|clock_10kHz'
Slack : -0.799
TNS   : -0.799

Type  : Fast 1200mV 0C Model Setup 'clk_div:inst5|clock_10Hz'
Slack : -0.052
TNS   : -0.058

Type  : Fast 1200mV 0C Model Hold 'SCOMP:inst|IO_CYCLE'
Slack : -0.935
TNS   : -2.855

Type  : Fast 1200mV 0C Model Hold 'I2C_INTERFACE:inst13|i2c_master:inst|data_clk'
Slack : -0.272
TNS   : -0.541

Type  : Fast 1200mV 0C Model Hold 'clk_div:inst5|clock_10kHz'
Slack : 0.144
TNS   : 0.000

Type  : Fast 1200mV 0C Model Hold 'clk_div:inst5|clock_100kHz'
Slack : 0.148
TNS   : 0.000

Type  : Fast 1200mV 0C Model Hold 'clk_div:inst5|clock_10Hz'
Slack : 0.156
TNS   : 0.000

Type  : Fast 1200mV 0C Model Hold 'inst1|altpll_component|auto_generated|pll1|clk[0]'
Slack : 0.201
TNS   : 0.000

Type  : Fast 1200mV 0C Model Recovery 'clk_div:inst5|clock_10Hz'
Slack : -1.885
TNS   : -30.160

Type  : Fast 1200mV 0C Model Recovery 'SCOMP:inst|IO_CYCLE'
Slack : 0.237
TNS   : 0.000

Type  : Fast 1200mV 0C Model Removal 'SCOMP:inst|IO_CYCLE'
Slack : 0.339
TNS   : 0.000

Type  : Fast 1200mV 0C Model Removal 'clk_div:inst5|clock_10Hz'
Slack : 1.320
TNS   : 0.000

Type  : Fast 1200mV 0C Model Minimum Pulse Width 'SCOMP:inst|IO_CYCLE'
Slack : -1.000
TNS   : -77.000

Type  : Fast 1200mV 0C Model Minimum Pulse Width 'I2C_INTERFACE:inst13|i2c_master:inst|data_clk'
Slack : -1.000
TNS   : -50.000

Type  : Fast 1200mV 0C Model Minimum Pulse Width 'clk_div:inst5|clock_100kHz'
Slack : -1.000
TNS   : -47.000

Type  : Fast 1200mV 0C Model Minimum Pulse Width 'clk_div:inst5|clock_10Hz'
Slack : -1.000
TNS   : -16.000

Type  : Fast 1200mV 0C Model Minimum Pulse Width 'clk_div:inst5|clock_10kHz'
Slack : -1.000
TNS   : -6.000

Type  : Fast 1200mV 0C Model Minimum Pulse Width 'clock_50'
Slack : 9.532
TNS   : 0.000

Type  : Fast 1200mV 0C Model Minimum Pulse Width 'inst1|altpll_component|auto_generated|pll1|clk[0]'
Slack : 49.715
TNS   : 0.000

------------------------------------------------------------
