------------------------------------------------------------
Timing Analyzer Summary
------------------------------------------------------------

Type  : Slow 1200mV 85C Model Setup 'inst1|altpll_component|auto_generated|pll1|clk[0]'
Slack : -9.442
TNS   : -136.879

Type  : Slow 1200mV 85C Model Setup 'SCOMP:inst|IO_CYCLE'
Slack : -8.360
TNS   : -459.463

Type  : Slow 1200mV 85C Model Setup 'clk_div:inst5|clock_100kHz'
Slack : -5.299
TNS   : -170.815

Type  : Slow 1200mV 85C Model Setup 'I2C_INTERFACE:inst13|i2c_master:inst|data_clk'
Slack : -4.550
TNS   : -106.956

Type  : Slow 1200mV 85C Model Setup 'clk_div:inst5|clock_10kHz'
Slack : -3.619
TNS   : -4.368

Type  : Slow 1200mV 85C Model Setup 'clk_div:inst5|clock_10Hz'
Slack : -1.834
TNS   : -19.781

Type  : Slow 1200mV 85C Model Hold 'I2C_INTERFACE:inst13|i2c_master:inst|data_clk'
Slack : -0.430
TNS   : -1.265

Type  : Slow 1200mV 85C Model Hold 'SCOMP:inst|IO_CYCLE'
Slack : 0.067
TNS   : 0.000

Type  : Slow 1200mV 85C Model Hold 'clk_div:inst5|clock_10kHz'
Slack : 0.323
TNS   : 0.000

Type  : Slow 1200mV 85C Model Hold 'clk_div:inst5|clock_100kHz'
Slack : 0.340
TNS   : 0.000

Type  : Slow 1200mV 85C Model Hold 'clk_div:inst5|clock_10Hz'
Slack : 0.355
TNS   : 0.000

Type  : Slow 1200mV 85C Model Hold 'inst1|altpll_component|auto_generated|pll1|clk[0]'
Slack : 0.421
TNS   : 0.000

Type  : Slow 1200mV 85C Model Recovery 'clk_div:inst5|clock_10Hz'
Slack : -4.908
TNS   : -78.003

Type  : Slow 1200mV 85C Model Recovery 'SCOMP:inst|IO_CYCLE'
Slack : -0.265
TNS   : -0.265

Type  : Slow 1200mV 85C Model Removal 'SCOMP:inst|IO_CYCLE'
Slack : 0.583
TNS   : 0.000

Type  : Slow 1200mV 85C Model Removal 'clk_div:inst5|clock_10Hz'
Slack : 3.819
TNS   : 0.000

Type  : Slow 1200mV 85C Model Minimum Pulse Width 'SCOMP:inst|IO_CYCLE'
Slack : -1.403
TNS   : -106.628

Type  : Slow 1200mV 85C Model Minimum Pulse Width 'I2C_INTERFACE:inst13|i2c_master:inst|data_clk'
Slack : -1.403
TNS   : -70.150

Type  : Slow 1200mV 85C Model Minimum Pulse Width 'clk_div:inst5|clock_100kHz'
Slack : -1.403
TNS   : -65.941

Type  : Slow 1200mV 85C Model Minimum Pulse Width 'clk_div:inst5|clock_10Hz'
Slack : -1.403
TNS   : -22.448

Type  : Slow 1200mV 85C Model Minimum Pulse Width 'clk_div:inst5|clock_10kHz'
Slack : -1.403
TNS   : -7.015

Type  : Slow 1200mV 85C Model Minimum Pulse Width 'clock_50'
Slack : 9.844
TNS   : 0.000

Type  : Slow 1200mV 85C Model Minimum Pulse Width 'inst1|altpll_component|auto_generated|pll1|clk[0]'
Slack : 49.681
TNS   : 0.000

Type  : Slow 1200mV 0C Model Setup 'inst1|altpll_component|auto_generated|pll1|clk[0]'
Slack : -8.270
TNS   : -119.120

Type  : Slow 1200mV 0C Model Setup 'SCOMP:inst|IO_CYCLE'
Slack : -7.849
TNS   : -433.053

Type  : Slow 1200mV 0C Model Setup 'clk_div:inst5|clock_100kHz'
Slack : -4.879
TNS   : -157.782

Type  : Slow 1200mV 0C Model Setup 'I2C_INTERFACE:inst13|i2c_master:inst|data_clk'
Slack : -4.131
TNS   : -95.949

Type  : Slow 1200mV 0C Model Setup 'clk_div:inst5|clock_10kHz'
Slack : -3.310
TNS   : -3.757

Type  : Slow 1200mV 0C Model Setup 'clk_div:inst5|clock_10Hz'
Slack : -1.543
TNS   : -16.315

Type  : Slow 1200mV 0C Model Hold 'I2C_INTERFACE:inst13|i2c_master:inst|data_clk'
Slack : -0.426
TNS   : -1.250

Type  : Slow 1200mV 0C Model Hold 'SCOMP:inst|IO_CYCLE'
Slack : 0.031
TNS   : 0.000

Type  : Slow 1200mV 0C Model Hold 'clk_div:inst5|clock_10kHz'
Slack : 0.289
TNS   : 0.000

Type  : Slow 1200mV 0C Model Hold 'clk_div:inst5|clock_100kHz'
Slack : 0.305
TNS   : 0.000

Type  : Slow 1200mV 0C Model Hold 'clk_div:inst5|clock_10Hz'
Slack : 0.322
TNS   : 0.000

Type  : Slow 1200mV 0C Model Hold 'inst1|altpll_component|auto_generated|pll1|clk[0]'
Slack : 0.342
TNS   : 0.000

Type  : Slow 1200mV 0C Model Recovery 'clk_div:inst5|clock_10Hz'
Slack : -4.837
TNS   : -76.897

Type  : Slow 1200mV 0C Model Recovery 'SCOMP:inst|IO_CYCLE'
Slack : -0.034
TNS   : -0.034

Type  : Slow 1200mV 0C Model Removal 'SCOMP:inst|IO_CYCLE'
Slack : 0.428
TNS   : 0.000

Type  : Slow 1200mV 0C Model Removal 'clk_div:inst5|clock_10Hz'
Slack : 3.706
TNS   : 0.000

Type  : Slow 1200mV 0C Model Minimum Pulse Width 'SCOMP:inst|IO_CYCLE'
Slack : -1.403
TNS   : -106.628

Type  : Slow 1200mV 0C Model Minimum Pulse Width 'I2C_INTERFACE:inst13|i2c_master:inst|data_clk'
Slack : -1.403
TNS   : -70.150

Type  : Slow 1200mV 0C Model Minimum Pulse Width 'clk_div:inst5|clock_100kHz'
Slack : -1.403
TNS   : -65.941

Type  : Slow 1200mV 0C Model Minimum Pulse Width 'clk_div:inst5|clock_10Hz'
Slack : -1.403
TNS   : -22.448

Type  : Slow 1200mV 0C Model Minimum Pulse Width 'clk_div:inst5|clock_10kHz'
Slack : -1.403
TNS   : -7.015

Type  : Slow 1200mV 0C Model Minimum Pulse Width 'clock_50'
Slack : 9.857
TNS   : 0.000

Type  : Slow 1200mV 0C Model Minimum Pulse Width 'inst1|altpll_component|auto_generated|pll1|clk[0]'
Slack : 49.683
TNS   : 0.000

Type  : Fast 1200mV 0C Model Setup 'inst1|altpll_component|auto_generated|pll1|clk[0]'
Slack : -4.198
TNS   : -60.913

Type  : Fast 1200mV 0C Model Setup 'SCOMP:inst|IO_CYCLE'
Slack : -3.326
TNS   : -182.376

Type  : Fast 1200mV 0C Model Setup 'clk_div:inst5|clock_100kHz'
Slack : -1.679
TNS   : -45.439

Type  : Fast 1200mV 0C Model Setup 'I2C_INTERFACE:inst13|i2c_master:inst|data_clk'
Slack : -1.414
TNS   : -25.261

Type  : Fast 1200mV 0C Model Setup 'clk_div:inst5|clock_10kHz'
Slack : -0.908
TNS   : -0.908

Type  : Fast 1200mV 0C Model Setup 'clk_div:inst5|clock_10Hz'
Slack : -0.138
TNS   : -0.386

Type  : Fast 1200mV 0C Model Hold 'I2C_INTERFACE:inst13|i2c_master:inst|data_clk'
Slack : -0.260
TNS   : -0.763

Type  : Fast 1200mV 0C Model Hold 'SCOMP:inst|IO_CYCLE'
Slack : -0.072
TNS   : -0.149

Type  : Fast 1200mV 0C Model Hold 'clk_div:inst5|clock_10kHz'
Slack : 0.141
TNS   : 0.000

Type  : Fast 1200mV 0C Model Hold 'clk_div:inst5|clock_100kHz'
Slack : 0.149
TNS   : 0.000

Type  : Fast 1200mV 0C Model Hold 'clk_div:inst5|clock_10Hz'
Slack : 0.152
TNS   : 0.000

Type  : Fast 1200mV 0C Model Hold 'inst1|altpll_component|auto_generated|pll1|clk[0]'
Slack : 0.212
TNS   : 0.000

Type  : Fast 1200mV 0C Model Recovery 'clk_div:inst5|clock_10Hz'
Slack : -1.865
TNS   : -29.600

Type  : Fast 1200mV 0C Model Recovery 'SCOMP:inst|IO_CYCLE'
Slack : 0.154
TNS   : 0.000

Type  : Fast 1200mV 0C Model Removal 'SCOMP:inst|IO_CYCLE'
Slack : 0.450
TNS   : 0.000

Type  : Fast 1200mV 0C Model Removal 'clk_div:inst5|clock_10Hz'
Slack : 1.482
TNS   : 0.000

Type  : Fast 1200mV 0C Model Minimum Pulse Width 'SCOMP:inst|IO_CYCLE'
Slack : -1.000
TNS   : -76.000

Type  : Fast 1200mV 0C Model Minimum Pulse Width 'I2C_INTERFACE:inst13|i2c_master:inst|data_clk'
Slack : -1.000
TNS   : -50.000

Type  : Fast 1200mV 0C Model Minimum Pulse Width 'clk_div:inst5|clock_100kHz'
Slack : -1.000
TNS   : -47.000

Type  : Fast 1200mV 0C Model Minimum Pulse Width 'clk_div:inst5|clock_10Hz'
Slack : -1.000
TNS   : -16.000

Type  : Fast 1200mV 0C Model Minimum Pulse Width 'clk_div:inst5|clock_10kHz'
Slack : -1.000
TNS   : -5.000

Type  : Fast 1200mV 0C Model Minimum Pulse Width 'clock_50'
Slack : 9.532
TNS   : 0.000

Type  : Fast 1200mV 0C Model Minimum Pulse Width 'inst1|altpll_component|auto_generated|pll1|clk[0]'
Slack : 49.714
TNS   : 0.000

------------------------------------------------------------
